// Jest Snapshot v1, https://goo.gl/fbAQLP

exports[`Header should render the Header component 1`] = `
<div
  className="header"
  style={
    Object {
      "backgroundColor": undefined,
    }
  }
>
  <p>
    EVENTIFY
  </p>
  <i
    className="fa-solid fa-magnifying-glass"
  />
</div>
`;
