// Jest Snapshot v1, https://goo.gl/fbAQLP

exports[`Single Card should render the Single Card Component 1`] = `
<div
  className="card-container"
>
  <div
    className="single-card"
  >
    <div
      className="image"
    >
      <img
        alt=""
      />
    </div>
    <div
      className="content"
      style={
        Object {
          "backgroundColor": undefined,
        }
      }
    >
      <h3 />
      <p
        className="description"
      />
      <p
        className="venue"
      >
        Venue:
      </p>
      <div
        className="timestamp"
      >
        <p
          className="date"
        >
          Date:
          Invalid Date
        </p>
        <p
          className="time"
        >
          Time:
          Invalid Date
        </p>
      </div>
      <div
        className="options"
      />
      <div
        className="register-unregister"
      >
        <button
          className="register"
          style={
            Object {
              "color": undefined,
              "fontWeight": 600,
            }
          }
        >
          REGISTER
        </button>
      </div>
    </div>
  </div>
</div>
`;
