// Jest Snapshot v1, https://goo.gl/fbAQLP

exports[`NavBar should render the Footer component 1`] = `
<div
  className="footer"
  style={
    Object {
      "backgroundColor": undefined,
    }
  }
>
  <div
    className="themes"
  >
    <p>
      THEMES
    </p>
  </div>
  <button
    onClick={[Function]}
    style={
      Object {
        "color": undefined,
      }
    }
  >
    SAVE THEME
  </button>
</div>
`;
